// Jest Snapshot v1, https://goo.gl/fbAQLP

exports[`<LocaleToggle /> should match the snapshot 1`] = `
<div
  class="Wrapper-sc-173qz16-0 gZwjdu"
>
  <select
    class="Select-mq0t0n-0 iqjASw"
  >
    <option
      value="en"
    >
      en
    </option>
    <option
      value="de"
    >
      de
    </option>
  </select>
</div>
`;
